// Jest Snapshot v1, https://goo.gl/fbAQLP

exports[`Input match snapshot 1`] = `
<DocumentFragment>
  <div
    class="undefined "
  >
    <input
      placeholder="Enter"
      type="text"
      value=""
    />
  </div>
</DocumentFragment>
`;
