// Jest Snapshot v1, https://goo.gl/fbAQLP

exports[`TextArea match snapshot 1`] = `
<DocumentFragment>
  <textarea
    class="undefined "
    placeholder="Enter text..."
  >
    Hello, World
  </textarea>
</DocumentFragment>
`;
